This is LuaHBTeX, Version 1.18.0 (TeX Live 2024)  (format=lualatex 2024.5.30)  21 JUL 2025 13:53
 restricted system commands enabled.
**MWE.tex
(/usr/local/texlive/2024/texmf-dist/tex/latex/tools/x.tex
! Interruption.
<everyjob> \directlua {
            require("lualatexquotejobname.lua")}\the \LaTeXReleaseInfo \begingr
l.1 
  %%
? x


Here is how much of LuaTeX's memory you used:
 9 strings out of 476324
 100000,1977958 words of node,token memory allocated 275 words of node memory still in use:
   1 hlist, 1 dir, 39 glue_spec nodes
   avail lists: 2:12,3:3,4:1
 22344 multiletter control sequences out of 65536+600000
 14 fonts using 591679 bytes
 2i,0n,0p,13b,6s stack positions out of 10000i,1000n,20000p,200000b,200000s

warning  (pdf backend): no pages of output.

PDF statistics: 0 PDF objects out of 1000 (max. 8388607)
 0 named destinations out of 1000 (max. 131072)
 1 words of extra memory for PDF output out of 10000 (max. 100000000)

